\BOOKMARK [1][-]{section.1}{\376\377\000I\000n\000t\000r\000o\000d\000u\000c\000t\000i\000o\000n}{}% 1
\BOOKMARK [2][-]{subsection.1.1}{\376\377\000B\000a\000c\000k\000g\000r\000o\000u\000n\000d}{section.1}% 2
\BOOKMARK [2][-]{subsection.1.2}{\376\377\000T\000h\000e\000\040\000D\000e\000s\000c\000r\000i\000p\000t\000i\000o\000n\000\040\000o\000f\000\040\000t\000h\000e\000\040\000P\000r\000o\000b\000l\000e\000m}{section.1}% 3
\BOOKMARK [2][-]{subsection.1.3}{\376\377\000O\000u\000r\000\040\000w\000o\000r\000k}{section.1}% 4
\BOOKMARK [1][-]{section.2}{\376\377\000P\000r\000e\000p\000a\000r\000a\000t\000i\000o\000n\000\040\000f\000o\000r\000\040\000M\000o\000d\000e\000l\000i\000n\000g}{}% 5
\BOOKMARK [2][-]{subsection.2.1}{\376\377\000M\000o\000d\000e\000l\000\040\000A\000s\000s\000u\000m\000p\000t\000i\000o\000n\000s}{section.2}% 6
\BOOKMARK [2][-]{subsection.2.2}{\376\377\000N\000o\000t\000a\000t\000i\000o\000n\000s}{section.2}% 7
\BOOKMARK [2][-]{subsection.2.3}{\376\377\145\160\143\156\145\066\226\306\116\016\156\005\155\027}{section.2}% 8
\BOOKMARK [3][-]{subsubsection.2.3.1}{\376\377\133\230\145\271\215\133\116\213\145\160\143\156\122\006\147\220}{subsection.2.3}% 9
\BOOKMARK [3][-]{subsubsection.2.3.2}{\376\377\165\065\211\306\145\066\211\306\163\207\145\160\143\156}{subsection.2.3}% 10
\BOOKMARK [3][-]{subsubsection.2.3.3}{\376\377\171\076\116\244\132\222\117\123\160\355\136\246\145\160\143\156\000\050\000G\000o\000o\000g\000l\000e\000\040\000T\000r\000e\000n\000d\000s\000\051}{subsection.2.3}% 11
\BOOKMARK [3][-]{subsubsection.2.3.4}{\376\377\131\032\156\220\145\160\143\156\121\163\200\124\122\006\147\220}{subsection.2.3}% 12
\BOOKMARK [1][-]{section.3}{\376\377\225\356\230\230\0001\377\032\211\302\117\027\142\225\171\150\117\060\213\241\152\041\127\213}{}% 13
\BOOKMARK [2][-]{subsection.3.1}{\376\377\225\356\230\230\164\006\211\343\116\016\136\372\152\041\140\035\215\357}{section.3}% 14
\BOOKMARK [3][-]{subsubsection.3.1.1}{\376\377\225\356\230\230\147\054\215\050}{subsection.3.1}% 15
\BOOKMARK [3][-]{subsubsection.3.1.2}{\376\377\145\164\117\123\136\372\152\041\150\106\147\266}{subsection.3.1}% 16
\BOOKMARK [2][-]{subsection.3.2}{\376\377\123\314\134\102\150\106\147\266\166\204\145\160\133\146\133\236\163\260}{section.3}% 17
\BOOKMARK [3][-]{subsubsection.3.2.1}{\376\377\134\102\0001\377\032\127\372\176\277\121\110\232\214\152\041\127\213}{subsection.3.2}% 18
\BOOKMARK [3][-]{subsubsection.3.2.2}{\376\377\134\102\0002\377\032\174\276\170\156\123\315\143\250\152\041\127\213}{subsection.3.2}% 19
\BOOKMARK [3][-]{subsubsection.3.2.3}{\376\377\134\102\0003\377\032\116\015\170\156\133\232\140\047\221\317\123\026}{subsection.3.2}% 20
\BOOKMARK [2][-]{subsection.3.3}{\376\377\225\356\230\230\0001\166\204\133\214\145\164\126\336\173\124}{section.3}% 21
\BOOKMARK [3][-]{subsubsection.3.3.1}{\376\377\225\356\230\230\0001\000.\0001\126\336\173\124\377\032\116\000\201\364\140\047\136\246\221\317}{subsection.3.3}% 22
\BOOKMARK [3][-]{subsubsection.3.3.2}{\376\377\225\356\230\230\0001\000.\0002\126\336\173\124\377\032\170\156\133\232\140\047\136\246\221\317}{subsection.3.3}% 23
\BOOKMARK [1][-]{section.4}{\376\377\225\356\230\230\0002\377\032\142\225\171\150\145\271\154\325\133\371\153\324\116\016\143\250\203\120}{}% 24
\BOOKMARK [2][-]{subsection.4.1}{\376\377\225\356\230\230\164\006\211\343\116\016\122\006\147\220\150\106\147\266}{section.4}% 25
\BOOKMARK [2][-]{subsection.4.2}{\376\377\133\120\225\356\230\230\0002\000.\0001\377\032\145\271\154\325\135\356\137\002\116\016\211\302\117\027\120\117\124\021\140\047}{section.4}% 26
\BOOKMARK [3][-]{subsubsection.4.2.1}{\376\377\133\120\225\356\230\230\0002\000.\0001\173\124\150\110}{subsection.4.2}% 27
\BOOKMARK [2][-]{subsection.4.3}{\376\377\133\120\225\356\230\230\0002\000.\0002\377\032\116\211\213\256\140\047\220\011\142\113\150\110\117\213\155\361\136\246\122\006\147\220}{section.4}% 28
\BOOKMARK [2][-]{subsection.4.4}{\376\377\133\120\225\356\230\230\0002\000.\0002\377\032\116\211\213\256\220\011\142\113\150\110\117\213\122\006\147\220}{section.4}% 29
\BOOKMARK [3][-]{subsubsection.4.4.1}{\376\377\150\110\117\213\133\371\153\324\122\006\147\220}{subsection.4.4}% 30
\BOOKMARK [3][-]{subsubsection.4.4.2}{\376\377\213\304\131\324\210\301\121\263\147\072\122\066\166\204\137\161\124\315}{subsection.4.4}% 31
\BOOKMARK [3][-]{subsubsection.4.4.3}{\376\377\133\120\225\356\230\230\0002\000.\0002\173\124\150\110}{subsection.4.4}% 32
\BOOKMARK [2][-]{subsection.4.5}{\376\377\133\120\225\356\230\230\0002\000.\0003\377\032\143\250\203\120\145\271\150\110}{section.4}% 33
\BOOKMARK [3][-]{subsubsection.4.5.1}{\376\377\133\120\225\356\230\230\0002\000.\0003\173\124\150\110}{subsection.4.5}% 34
\BOOKMARK [1][-]{section.5}{\376\377\225\356\230\230\0003\377\032\137\161\124\315\126\340\175\040\122\006\147\220\040\024\040\024\202\036\117\064\116\016\124\015\116\272\162\171\137\201\166\204\117\134\165\050\147\072\122\066}{}% 35
\BOOKMARK [2][-]{subsection.5.1}{\376\377\225\356\230\230\164\006\211\343\116\016\170\024\172\166\150\106\147\266}{section.5}% 36
\BOOKMARK [2][-]{subsection.5.2}{\376\377\136\372\152\041\145\271\154\325\116\016\150\070\137\303\123\321\163\260}{section.5}% 37
\BOOKMARK [3][-]{subsubsection.5.2.1}{\376\377\162\171\137\201\117\123\174\373\116\016\152\041\127\213\213\276\213\241}{subsection.5.2}% 38
\BOOKMARK [3][-]{subsubsection.5.2.2}{\376\377\000S\000H\000A\000P\162\171\137\201\221\315\211\201\140\047\122\006\147\220}{subsection.5.2}% 39
\BOOKMARK [2][-]{subsection.5.3}{\376\377\116\011\131\047\137\161\124\315\126\340\175\040\166\204\155\361\136\246\122\126\147\220}{section.5}% 40
\BOOKMARK [3][-]{subsubsection.5.3.1}{\376\377\126\340\175\040\0001\377\032\116\023\116\032\202\036\117\064\040\024\040\024\142\200\147\057\143\320\123\107\126\150\116\016\116\272\154\024\145\076\131\047\126\150}{subsection.5.3}% 41
\BOOKMARK [3][-]{subsubsection.5.3.2}{\376\377\126\340\175\040\0002\377\032\124\015\116\272\210\114\116\032\040\024\040\024\201\352\136\046\174\211\116\035\127\372\170\100\166\204\122\233\221\317}{subsection.5.3}% 42
\BOOKMARK [3][-]{subsubsection.5.3.3}{\376\377\126\340\175\040\0003\377\032\136\164\237\204\040\024\040\024\227\122\146\045\233\105\122\233\116\016\142\020\161\237\172\063\221\315\166\204\123\132\137\010}{subsection.5.3}% 43
\BOOKMARK [2][-]{subsection.5.4}{\376\377\213\304\131\324\116\016\211\302\117\027\166\204\135\356\137\002\123\026\211\306\211\322}{section.5}% 44
\BOOKMARK [2][-]{subsection.5.5}{\376\377\225\356\230\230\0003\166\204\133\214\145\164\126\336\173\124}{section.5}% 45
\BOOKMARK [1][-]{section.6}{\376\377\225\356\230\230\0004\377\032\145\260\142\225\171\150\174\373\176\337\213\276\213\241\040\024\040\024\142\017\122\147\137\047\142\225\171\150\174\373\176\337}{}% 46
\BOOKMARK [2][-]{subsection.6.1}{\376\377\225\356\230\230\164\006\211\343\116\016\213\276\213\241\164\006\137\365}{section.6}% 47
\BOOKMARK [2][-]{subsection.6.2}{\376\377\174\373\176\337\147\072\122\066\213\276\213\241}{section.6}% 48
\BOOKMARK [3][-]{subsubsection.6.2.1}{\376\377\147\072\122\066\0001\377\032\226\066\153\265\140\047\122\250\140\001\147\103\221\315}{subsection.6.2}% 49
\BOOKMARK [3][-]{subsubsection.6.2.2}{\376\377\147\072\122\066\0002\377\032\116\211\213\256\131\126\122\261}{subsection.6.2}% 50
\BOOKMARK [3][-]{subsubsection.6.2.3}{\376\377\147\072\122\066\0003\377\032\142\225\171\150\135\356\215\335\145\076\131\047\126\150\116\016\176\374\124\010\137\227\122\006}{subsection.6.2}% 51
\BOOKMARK [2][-]{subsection.6.3}{\376\377\174\373\176\337\213\304\117\060\116\016\145\160\143\156\232\214\213\301}{section.6}% 52
\BOOKMARK [2][-]{subsection.6.4}{\376\377\221\307\165\050\136\372\213\256}{section.6}% 53
\BOOKMARK [3][-]{subsubsection.6.4.1}{\376\377\116\072\116\300\116\110\122\066\117\134\145\271\136\224\221\307\165\050\217\331\116\052\174\373\176\337\377\037}{subsection.6.4}% 54
\BOOKMARK [3][-]{subsubsection.6.4.2}{\376\377\131\202\117\125\133\236\145\275\217\331\116\052\174\373\176\337\377\037}{subsection.6.4}% 55
\BOOKMARK [2][-]{subsection.6.5}{\376\377\225\356\230\230\0004\166\204\133\214\145\164\126\336\173\124}{section.6}% 56
\BOOKMARK [1][-]{section.7}{\376\377\000S\000e\000n\000s\000i\000t\000i\000v\000i\000t\000y\000\040\000A\000n\000a\000l\000y\000s\000i\000s}{}% 57
\BOOKMARK [1][-]{section.8}{\376\377\000M\000o\000d\000e\000l\000\040\000E\000v\000a\000l\000u\000a\000t\000i\000o\000n\000\040\000a\000n\000d\000\040\000P\000r\000o\000m\000o\000t\000i\000o\000n}{}% 58
\BOOKMARK [2][-]{subsection.8.1}{\376\377\000M\000o\000d\000e\000l\000\040\000E\000v\000a\000l\000u\000a\000t\000i\000o\000n}{section.8}% 59
\BOOKMARK [3][-]{subsubsection.8.1.1}{\376\377\000A\000d\000v\000a\000n\000t\000a\000g\000e\000s}{subsection.8.1}% 60
\BOOKMARK [3][-]{subsubsection.8.1.2}{\376\377\000L\000i\000m\000i\000t\000a\000t\000i\000o\000n\000s}{subsection.8.1}% 61
\BOOKMARK [2][-]{subsection.8.2}{\376\377\000F\000u\000t\000u\000r\000e\000\040\000W\000o\000r\000k}{section.8}% 62
\BOOKMARK [3][-]{subsubsection.8.2.1}{\376\377\000M\000o\000d\000e\000l\000\040\000e\000x\000t\000e\000n\000s\000i\000o\000n}{subsection.8.2}% 63
\BOOKMARK [3][-]{subsubsection.8.2.2}{\376\377\000M\000o\000d\000e\000l\000\040\000a\000p\000p\000l\000i\000c\000a\000t\000i\000o\000n}{subsection.8.2}% 64
\BOOKMARK [1][-]{section.9}{\376\377\000C\000o\000n\000c\000l\000u\000s\000i\000o\000n\000s}{}% 65
